Find the century anchor. Starting with year 2026:
 - take the century digits C = Y / 100 = 2026 / 100 = 20
 - in a four century cycle its index is F = C % 4 = 20 % 4 = 0
 - the resulting increment is I = F * 5 = 0 * 5 = 0 ≡ Sunday
 - add Tuesday and get A = Tuesday + I = Tuesday + Sunday = 2 ≡ Tuesday
